[0m16:47:31.818801 [debug] [MainThread]: Sending event: {'category': 'dbt', 'action': 'invocation', 'label': 'start', 'context': [<snowplow_tracker.self_describing_json.SelfDescribingJson object at 0x00000215EF2FE690>, <snowplow_tracker.self_describing_json.SelfDescribingJson object at 0x00000215F3E298D0>, <snowplow_tracker.self_describing_json.SelfDescribingJson object at 0x00000215F3EAEDD0>]}


============================== 16:47:31.823345 | fe9adb0e-cf93-4550-b1bc-1d0189fcb4e0 ==============================
[0m16:47:31.823345 [info ] [MainThread]: Running with dbt=1.12.0
[0m16:47:31.824347 [debug] [MainThread]: running dbt with arguments {'version_check': 'True', 'no_print': 'None', 'maximum_seed_size_mib': '1', 'warn_error_options': 'WarnErrorOptionsV2(error=[], warn=[], silence=[])', 'target_path': 'None', 'static_parser': 'True', 'printer_width': '80', 'write_json': 'True', 'introspect': 'True', 'log_cache_events': 'False', 'empty': 'None', 'cache_selected_only': 'False', 'fail_fast': 'False', 'debug': 'False', 'log_format': 'default', 'partial_parse': 'True', 'send_anonymous_usage_stats': 'True', 'quiet': 'False', 'warn_error': 'None', 'profiles_dir': 'C:\\Users\\alaha\\.dbt', 'invocation_command': 'dbt init nyctaxi_gold', 'hints_enabled': 'True', 'use_colors': 'True', 'use_experimental_parser': 'False', 'indirect_selection': 'eager', 'log_path': 'logs'}
[0m16:47:31.855602 [debug] [MainThread]: Starter project path: C:\Drive_A\DATA ENGINEERING COMPLETE LEARNING\Azure\Project1\azure-lakehouse-nyc-taxi\venv\Lib\site-packages\dbt\include\starter_project
[0m16:47:32.012380 [info ] [MainThread]: Setting up your profile.
[0m16:47:59.394056 [info ] [MainThread]: Running dbt debug to validate the project...
[0m16:47:59.396053 [info ] [MainThread]: dbt version: 1.12.0
[0m16:47:59.397054 [info ] [MainThread]: python version: 3.11.5
[0m16:47:59.397054 [info ] [MainThread]: python path: C:\Drive_A\DATA ENGINEERING COMPLETE LEARNING\Azure\Project1\azure-lakehouse-nyc-taxi\venv\Scripts\python.exe
[0m16:47:59.398054 [info ] [MainThread]: os info: Windows-10-10.0.26200-SP0
[0m16:48:00.360654 [debug] [MainThread]: Spark adapter: Setting pyhive.hive logging to ERROR
[0m16:48:00.360654 [debug] [MainThread]: Spark adapter: Setting thrift.transport logging to ERROR
[0m16:48:00.361655 [debug] [MainThread]: Spark adapter: Setting thrift.protocol logging to ERROR
[0m16:48:01.092405 [info ] [MainThread]: Using profiles dir at C:\Users\alaha\.dbt
[0m16:48:01.092405 [info ] [MainThread]: Using profiles.yml file at C:\Users\alaha\.dbt\profiles.yml
[0m16:48:01.093405 [info ] [MainThread]: Using dbt_project.yml file at C:\Drive_A\DATA ENGINEERING COMPLETE LEARNING\Azure\Project1\azure-lakehouse-nyc-taxi\dbt\nyctaxi_gold\dbt_project.yml
[0m16:48:01.094370 [info ] [MainThread]: adapter type: databricks
[0m16:48:01.094370 [info ] [MainThread]: adapter version: 1.12.3
[0m16:48:01.182405 [info ] [MainThread]: Configuration:
[0m16:48:01.183365 [info ] [MainThread]:   profiles.yml file [[32mOK found and valid[0m]
[0m16:48:01.183365 [info ] [MainThread]:   dbt_project.yml file [[32mOK found and valid[0m]
[0m16:48:01.184405 [info ] [MainThread]: Required dependencies:
[0m16:48:01.184405 [debug] [MainThread]: Executing "git --help"
[0m16:48:01.217406 [debug] [MainThread]: STDOUT: "b"usage: git [-v | --version] [-h | --help] [-C <path>] [-c <name>=<value>]\n           [--exec-path[=<path>]] [--html-path] [--man-path] [--info-path]\n           [-p | --paginate | -P | --no-pager] [--no-replace-objects] [--no-lazy-fetch]\n           [--no-optional-locks] [--no-advice] [--bare] [--git-dir=<path>]\n           [--work-tree=<path>] [--namespace=<name>] [--config-env=<name>=<envvar>]\n           <command> [<args>]\n\nThese are common Git commands used in various situations:\n\nstart a working area (see also: git help tutorial)\n   clone      Clone a repository into a new directory\n   init       Create an empty Git repository or reinitialize an existing one\n\nwork on the current change (see also: git help everyday)\n   add        Add file contents to the index\n   mv         Move or rename a file, a directory, or a symlink\n   restore    Restore working tree files\n   rm         Remove files from the working tree and from the index\n\nexamine the history and state (see also: git help revisions)\n   bisect     Use binary search to find the commit that introduced a bug\n   diff       Show changes between commits, commit and working tree, etc\n   grep       Print lines matching a pattern\n   log        Show commit logs\n   show       Show various types of objects\n   status     Show the working tree status\n\ngrow, mark and tweak your common history\n   backfill   Download missing objects in a partial clone\n   branch     List, create, or delete branches\n   commit     Record changes to the repository\n   merge      Join two or more development histories together\n   rebase     Reapply commits on top of another base tip\n   reset      Reset current HEAD to the specified state\n   switch     Switch branches\n   tag        Create, list, delete or verify a tag object signed with GPG\n\ncollaborate (see also: git help workflows)\n   fetch      Download objects and refs from another repository\n   pull       Fetch from and integrate with another repository or a local branch\n   push       Update remote refs along with associated objects\n\n'git help -a' and 'git help -g' list available subcommands and some\nconcept guides. See 'git help <command>' or 'git help <concept>'\nto read about a specific subcommand or concept.\nSee 'git help git' for an overview of the system.\n""
[0m16:48:01.218406 [debug] [MainThread]: STDERR: "b''"
[0m16:48:01.218406 [info ] [MainThread]:  - git [[32mOK found[0m]

[0m16:48:01.219367 [info ] [MainThread]: Connection:
[0m16:48:01.220366 [info ] [MainThread]:   host: adb-7405610338249631.11.azuredatabricks.net
[0m16:48:01.220366 [info ] [MainThread]:   http_path: /sql/1.0/warehouses/b9bc7a737ebe7117
[0m16:48:01.220366 [info ] [MainThread]:   catalog: nyctaxi
[0m16:48:01.221367 [info ] [MainThread]:   schema: gold
[0m16:48:01.222366 [info ] [MainThread]: Registered adapter: databricks=1.12.3
[0m16:48:01.548026 [debug] [MainThread]: Databricks adapter: DatabricksDBTConnection(session-id=None, name=debug) - Creating connection
[0m16:48:01.548026 [debug] [MainThread]: Acquiring new databricks connection 'debug'
[0m16:48:01.992424 [info ] [MainThread]: Databricks adapter:   SPOG host (host_type='workspace'): no
[0m16:48:01.993423 [info ] [MainThread]: Databricks adapter:   workspace_id (from ?o= in http_path): None
[0m16:48:01.994384 [info ] [MainThread]: Databricks adapter:   databricks-sql-connector version: 4.3.0 (supported)
[0m16:48:01.994384 [info ] [MainThread]: Databricks adapter:   databricks-sdk version: 0.117.0 (supported)
[0m16:48:01.995392 [debug] [MainThread]: Using databricks connection "debug"
[0m16:48:01.995392 [debug] [MainThread]: On debug: select 1 as id
[0m16:48:01.996385 [debug] [MainThread]: Opening a new connection, currently in state init
[0m16:48:02.679875 [error] [MainThread]: databricks-sql-connector adapter: ThriftBackend.attempt_request: Exception: %s
[0m16:48:02.702844 [error] [MainThread]: Databricks adapter: Connection(session-id=Unknown) - Exception while trying to create connection: Error during request to server: : Invalid access token.. 
Error properties: attempt=1/30, bounded-retry-delay=None, elapsed-seconds=0.2479875087738037/900.0, error-message=: Invalid access token., http-code=403, method=OpenSession, no-retry-reason=non-retryable error, original-exception=, query-id=None, session-id=None
[0m16:48:02.704842 [debug] [MainThread]: Databricks adapter: Exception while trying to execute query
select 1 as id
: Database Error
  Error during request to server: : Invalid access token.. 
[0m16:48:02.705877 [debug] [MainThread]: On debug: No close available on handle
[0m16:48:02.706875 [info ] [MainThread]:   Connection test: [[31mERROR[0m]

[0m16:48:02.708845 [info ] [MainThread]: [31m1 check failed:[0m
[0m16:48:02.709841 [info ] [MainThread]: dbt was unable to connect to the specified database.
The database returned the following error:

  >Database Error
  Database Error
    Error during request to server: : Invalid access token.. 

Check your database credentials and try again. For more information, visit:
https://docs.getdbt.com/docs/configure-your-profile


[0m16:48:02.710840 [info ] [MainThread]: Your new dbt project "nyctaxi_gold" was created!
Initialized new project in C:\Drive_A\DATA ENGINEERING COMPLETE LEARNING\Azure\Project1\azure-lakehouse-nyc-taxi\dbt\nyctaxi_gold\nyctaxi_gold

For more information on how to configure the profiles.yml file,
please consult the dbt documentation here:

  https://docs.getdbt.com/docs/configure-your-profile

One more thing:

Need help? Don't hesitate to reach out to us via GitHub issues or on Slack:

  https://community.getdbt.com/

Happy modeling!

[0m16:48:02.712838 [info ] [MainThread]: [31mYour profile may need adjustments. You can find the logs of `dbt debug` above[0m
[0m16:48:02.714876 [debug] [MainThread]: Command `dbt init` succeeded at 16:48:02.714876 after 31.02 seconds
[0m16:48:02.715874 [debug] [MainThread]: Sending event: {'category': 'dbt', 'action': 'invocation', 'label': 'end', 'context': [<snowplow_tracker.self_describing_json.SelfDescribingJson object at 0x00000215F3E287D0>, <snowplow_tracker.self_describing_json.SelfDescribingJson object at 0x00000215F3E28A90>, <snowplow_tracker.self_describing_json.SelfDescribingJson object at 0x00000215F3E28890>]}
[0m16:48:02.715874 [debug] [MainThread]: Flushing usage events
[0m16:48:03.155110 [debug] [MainThread]: An error was encountered while trying to flush usage events
